array(
	'web.pages.homepage.promo.fruits',
	'web.pages.homepage.promo.newList',
	'web.pages.homepage.promo.title',
	'web.pages.homepage.simple.title',
)