array('web/pages/homepage/simple' => array('title' => 'Title of promo box'))